// Jest Snapshot v1, https://goo.gl/fbAQLP

exports[`Test Register component  renders correctly 1`] = `
<section
  className="hero has-background-grey-light is-fullheight is-fullwidth"
>
  <div
    className="hero-body"
  >
    <div
      className="container"
    >
      <div
        className="columns is-centered"
      >
        <div
          className="column is-4-desktop"
        >
          <form
            className="box"
            onSubmit={[Function]}
          >
            
            <div
              className="field mt-5"
            >
              <label
                className="label"
              >
                Name
              </label>
              <div
                className="controls"
              >
                <input
                  className="input"
                  name="name"
                  onChange={[Function]}
                  placeholder="Name"
                  type="text"
                  value=""
                />
              </div>
            </div>
            <div
              className="field mt-5"
            >
              <label
                className="label"
              >
                Surname
              </label>
              <div
                className="controls"
              >
                <input
                  className="input"
                  name="surname"
                  onChange={[Function]}
                  placeholder="Surname"
                  type="text"
                  value=""
                />
              </div>
            </div>
            <div
              className="field mt-5"
            >
              <label
                className="label"
              >
                Email
              </label>
              <div
                className="controls"
              >
                <input
                  className="input"
                  name="email"
                  onChange={[Function]}
                  placeholder="Email"
                  type="email"
                  value=""
                />
              </div>
            </div>
            <div
              className="field mt-5"
            >
              <label
                className="label"
              >
                Password
              </label>
              <div
                className="controls"
              >
                <input
                  className="input"
                  name="password"
                  onChange={[Function]}
                  placeholder="******"
                  type="password"
                  value=""
                />
              </div>
            </div>
            <div
              className="field mt-5"
            >
              <label
                className="label"
              >
                Confirm Password
              </label>
              <div
                className="controls"
              >
                <input
                  className="input"
                  name="confPassword"
                  onChange={[Function]}
                  placeholder="******"
                  type="password"
                  value=""
                />
              </div>
            </div>
            <div
              className="field mt-5"
            >
              <button
                className="button is-success is-fullwidth"
              >
                Register
              </button>
            </div>
            <div
              className="field mt-5"
            >
              <button
                className="button is-link is-fullwidth"
                onClick={[Function]}
              >
                Back to Login
              </button>
            </div>
          </form>
        </div>
      </div>
    </div>
  </div>
</section>
`;
