// Jest Snapshot v1, https://goo.gl/fbAQLP

exports[`Test Navbar component  renders correctly 1`] = `
<nav
  aria-label="main navigation"
  className="navbar is-light"
  role="navigation"
>
  <div
    className="container"
  >
    <div
      className="navbar-menu"
      id="navbarBasicExample"
    >
      <div
        className="navbar-start"
      >
        <a
          className="navbar-item"
          href="/dashboard"
        >
          Home
        </a>
      </div>
      <div
        className="navbar-end"
      >
        <div
          className="navbar-item"
        >
          <div
            className="buttons"
          >
            <button
              className="button is-dark"
              onClick={[Function]}
            >
              Log Out
            </button>
          </div>
        </div>
      </div>
    </div>
  </div>
</nav>
`;
