// Jest Snapshot v1, https://goo.gl/fbAQLP

exports[`Test Dashboard component  renders correctly 1`] = `
<div
  className="container mt-5"
>
  <h1>
    Welcome Back: 
    
  </h1>
  <table
    className="table is-striped is-fullwidth"
  >
    <thead>
      <tr>
        <th>
          No
        </th>
        <th>
          Name
        </th>
        <th>
          Email
        </th>
      </tr>
    </thead>
    <tbody />
  </table>
</div>
`;
